[2026-07-25 23:40:06] 已更新 ctf/bench25/dashboard.html（耗時 0.1s）
[2026-07-25 23:40:16] 已更新 ctf/bench25/dashboard.html（耗時 0.1s）
[2026-07-25 23:40:26] 已更新 ctf/bench25/dashboard.html（耗時 0.1s）
[2026-07-25 23:40:36] 已更新 ctf/bench25/dashboard.html（耗時 0.1s）
[2026-07-25 23:40:46] 已更新 ctf/bench25/dashboard.html（耗時 0.1s）
[2026-07-25 23:40:56] 已更新 ctf/bench25/dashboard.html（耗時 0.1s）
[2026-07-25 23:41:06] 已更新 ctf/bench25/dashboard.html（耗時 0.1s）
[2026-07-25 23:41:16] 已更新 ctf/bench25/dashboard.html（耗時 0.2s）
[2026-07-25 23:41:26] 已更新 ctf/bench25/dashboard.html（耗時 0.1s）
[2026-07-25 23:41:36] 已更新 ctf/bench25/dashboard.html（耗時 0.1s）
[2026-07-25 23:41:46] 已更新 ctf/bench25/dashboard.html（耗時 0.1s）
[2026-07-25 23:41:56] 已更新 ctf/bench25/dashboard.html（耗時 0.2s）
[2026-07-25 23:42:06] 已更新 ctf/bench25/dashboard.html（耗時 0.1s）
[2026-07-25 23:42:16] 已更新 ctf/bench25/dashboard.html（耗時 0.1s）
[2026-07-25 23:42:26] 已更新 ctf/bench25/dashboard.html（耗時 0.1s）
[2026-07-25 23:42:36] 已更新 ctf/bench25/dashboard.html（耗時 0.1s）
[2026-07-25 23:42:46] 已更新 ctf/bench25/dashboard.html（耗時 0.1s）
[2026-07-25 23:42:56] 已更新 ctf/bench25/dashboard.html（耗時 0.1s）
[2026-07-25 23:43:06] 已更新 ctf/bench25/dashboard.html（耗時 0.1s）
[2026-07-25 23:43:16] 已更新 ctf/bench25/dashboard.html（耗時 0.1s）
[2026-07-25 23:43:26] 已更新 ctf/bench25/dashboard.html（耗時 0.1s）
[2026-07-25 23:43:36] 已更新 ctf/bench25/dashboard.html（耗時 0.1s）
[2026-07-25 23:43:47] 已更新 ctf/bench25/dashboard.html（耗時 0.3s）
[2026-07-25 23:43:56] 已更新 ctf/bench25/dashboard.html（耗時 0.1s）
[2026-07-25 23:44:06] 已更新 ctf/bench25/dashboard.html（耗時 0.1s）
[2026-07-25 23:44:16] 已更新 ctf/bench25/dashboard.html（耗時 0.1s）
[2026-07-25 23:44:26] 已更新 ctf/bench25/dashboard.html（耗時 0.1s）
[2026-07-25 23:44:36] 已更新 ctf/bench25/dashboard.html（耗時 0.1s）
[2026-07-25 23:44:46] 已更新 ctf/bench25/dashboard.html（耗時 0.1s）
[2026-07-25 23:44:56] 已更新 ctf/bench25/dashboard.html（耗時 0.1s）
[2026-07-25 23:45:06] 已更新 ctf/bench25/dashboard.html（耗時 0.2s）
[2026-07-25 23:45:17] 已更新 ctf/bench25/dashboard.html（耗時 0.4s）
[2026-07-25 23:45:26] 已更新 ctf/bench25/dashboard.html（耗時 0.1s）
[2026-07-25 23:45:37] 已更新 ctf/bench25/dashboard.html（耗時 0.1s）
[2026-07-25 23:45:47] 已更新 ctf/bench25/dashboard.html（耗時 0.1s）
[2026-07-25 23:45:57] 已更新 ctf/bench25/dashboard.html（耗時 0.1s）
[2026-07-25 23:46:07] 已更新 ctf/bench25/dashboard.html（耗時 0.1s）
[2026-07-25 23:46:17] 已更新 ctf/bench25/dashboard.html（耗時 0.1s）
[2026-07-25 23:46:27] 已更新 ctf/bench25/dashboard.html（耗時 0.5s）
[2026-07-25 23:46:37] 已更新 ctf/bench25/dashboard.html（耗時 0.1s）
[2026-07-25 23:46:47] 已更新 ctf/bench25/dashboard.html（耗時 0.1s）
[2026-07-25 23:46:57] 已更新 ctf/bench25/dashboard.html（耗時 0.2s）
[2026-07-25 23:47:07] 已更新 ctf/bench25/dashboard.html（耗時 0.1s）
[2026-07-25 23:47:17] 已更新 ctf/bench25/dashboard.html（耗時 0.1s）
[2026-07-25 23:47:27] 已更新 ctf/bench25/dashboard.html（耗時 0.1s）
[2026-07-25 23:47:37] 已更新 ctf/bench25/dashboard.html（耗時 0.1s）
[2026-07-25 23:47:47] 已更新 ctf/bench25/dashboard.html（耗時 0.1s）
[2026-07-25 23:47:57] 已更新 ctf/bench25/dashboard.html（耗時 0.6s）
[2026-07-25 23:48:07] 已更新 ctf/bench25/dashboard.html（耗時 0.1s）
[2026-07-25 23:48:17] 已更新 ctf/bench25/dashboard.html（耗時 0.1s）
[2026-07-25 23:48:27] 已更新 ctf/bench25/dashboard.html（耗時 0.3s）
[2026-07-25 23:48:37] 已更新 ctf/bench25/dashboard.html（耗時 0.1s）
[2026-07-25 23:48:47] 已更新 ctf/bench25/dashboard.html（耗時 0.1s）
[2026-07-25 23:48:57] 已更新 ctf/bench25/dashboard.html（耗時 0.1s）
[2026-07-25 23:49:07] 已更新 ctf/bench25/dashboard.html（耗時 0.1s）
[2026-07-25 23:49:17] 已更新 ctf/bench25/dashboard.html（耗時 0.1s）
[2026-07-25 23:49:28] 已更新 ctf/bench25/dashboard.html（耗時 0.7s）
[2026-07-25 23:49:37] 已更新 ctf/bench25/dashboard.html（耗時 0.1s）
[2026-07-25 23:49:47] 已更新 ctf/bench25/dashboard.html（耗時 0.1s）
[2026-07-25 23:49:57] 已更新 ctf/bench25/dashboard.html（耗時 0.1s）
[2026-07-25 23:50:07] 已更新 ctf/bench25/dashboard.html（耗時 0.1s）
[2026-07-25 23:50:17] 已更新 ctf/bench25/dashboard.html（耗時 0.1s）
[2026-07-25 23:50:27] 已更新 ctf/bench25/dashboard.html（耗時 0.1s）
[2026-07-25 23:50:37] 已更新 ctf/bench25/dashboard.html（耗時 0.1s）
[2026-07-25 23:50:47] 已更新 ctf/bench25/dashboard.html（耗時 0.1s）
[2026-07-25 23:50:57] 已更新 ctf/bench25/dashboard.html（耗時 0.1s）
[2026-07-25 23:51:07] 已更新 ctf/bench25/dashboard.html（耗時 0.1s）
[2026-07-25 23:51:17] 已更新 ctf/bench25/dashboard.html（耗時 0.1s）
[2026-07-25 23:51:28] 已更新 ctf/bench25/dashboard.html（耗時 1.0s）
[2026-07-25 23:51:37] 已更新 ctf/bench25/dashboard.html（耗時 0.1s）
[2026-07-25 23:51:47] 已更新 ctf/bench25/dashboard.html（耗時 0.1s）
[2026-07-25 23:51:57] 已更新 ctf/bench25/dashboard.html（耗時 0.1s）
[2026-07-25 23:52:07] 已更新 ctf/bench25/dashboard.html（耗時 0.1s）
[2026-07-25 23:52:17] 已更新 ctf/bench25/dashboard.html（耗時 0.1s）
[2026-07-25 23:52:27] 已更新 ctf/bench25/dashboard.html（耗時 0.1s）
[2026-07-25 23:52:37] 已更新 ctf/bench25/dashboard.html（耗時 0.1s）
[2026-07-25 23:52:47] 已更新 ctf/bench25/dashboard.html（耗時 0.1s）
[2026-07-25 23:52:57] 已更新 ctf/bench25/dashboard.html（耗時 0.1s）
[2026-07-25 23:53:07] 已更新 ctf/bench25/dashboard.html（耗時 0.1s）
[2026-07-25 23:53:17] 已更新 ctf/bench25/dashboard.html（耗時 0.1s）
[2026-07-25 23:53:27] 已更新 ctf/bench25/dashboard.html（耗時 0.1s）
[2026-07-25 23:53:38] 已更新 ctf/bench25/dashboard.html（耗時 1.1s）
[2026-07-25 23:53:48] 已更新 ctf/bench25/dashboard.html（耗時 0.1s）
[2026-07-25 23:53:58] 已更新 ctf/bench25/dashboard.html（耗時 0.1s）
[2026-07-25 23:54:08] 已更新 ctf/bench25/dashboard.html（耗時 0.1s）
[2026-07-25 23:54:18] 已更新 ctf/bench25/dashboard.html（耗時 0.1s）
[2026-07-25 23:54:28] 已更新 ctf/bench25/dashboard.html（耗時 0.1s）
[2026-07-25 23:54:38] 已更新 ctf/bench25/dashboard.html（耗時 0.2s）
[2026-07-25 23:54:48] 已更新 ctf/bench25/dashboard.html（耗時 0.2s）
[2026-07-25 23:54:58] 已更新 ctf/bench25/dashboard.html（耗時 0.1s）
[2026-07-25 23:55:08] 已更新 ctf/bench25/dashboard.html（耗時 0.2s）
[2026-07-25 23:55:18] 已更新 ctf/bench25/dashboard.html（耗時 0.2s）
[2026-07-25 23:55:28] 已更新 ctf/bench25/dashboard.html（耗時 0.1s）
[2026-07-25 23:55:38] 已更新 ctf/bench25/dashboard.html（耗時 0.1s）
[2026-07-25 23:55:48] 已更新 ctf/bench25/dashboard.html（耗時 0.1s）
[2026-07-25 23:55:58] 已更新 ctf/bench25/dashboard.html（耗時 0.1s）
[2026-07-25 23:56:10] 已更新 ctf/bench25/dashboard.html（耗時 1.9s）
[2026-07-25 23:56:18] 已更新 ctf/bench25/dashboard.html（耗時 0.3s）
[2026-07-25 23:56:28] 已更新 ctf/bench25/dashboard.html（耗時 0.2s）
[2026-07-25 23:56:38] 已更新 ctf/bench25/dashboard.html（耗時 0.5s）
[2026-07-25 23:56:48] 已更新 ctf/bench25/dashboard.html（耗時 0.2s）
[2026-07-25 23:56:58] 已更新 ctf/bench25/dashboard.html（耗時 0.3s）
[2026-07-25 23:57:08] 已更新 ctf/bench25/dashboard.html（耗時 0.3s）
[2026-07-25 23:57:18] 已更新 ctf/bench25/dashboard.html（耗時 0.5s）
[2026-07-25 23:57:28] 已更新 ctf/bench25/dashboard.html（耗時 0.2s）
[2026-07-25 23:57:38] 已更新 ctf/bench25/dashboard.html（耗時 0.2s）
[2026-07-25 23:57:48] 已更新 ctf/bench25/dashboard.html（耗時 0.2s）
[2026-07-25 23:57:58] 已更新 ctf/bench25/dashboard.html（耗時 0.2s）
[2026-07-25 23:58:08] 已更新 ctf/bench25/dashboard.html（耗時 0.2s）
[2026-07-25 23:58:18] 已更新 ctf/bench25/dashboard.html（耗時 0.2s）
[2026-07-25 23:58:28] 已更新 ctf/bench25/dashboard.html（耗時 0.1s）
[2026-07-25 23:58:38] 已更新 ctf/bench25/dashboard.html（耗時 0.1s）
[2026-07-25 23:58:48] 已更新 ctf/bench25/dashboard.html（耗時 0.1s）
[2026-07-25 23:58:58] 已更新 ctf/bench25/dashboard.html（耗時 0.1s）
[2026-07-25 23:59:10] 已更新 ctf/bench25/dashboard.html（耗時 1.9s）
[2026-07-25 23:59:18] 已更新 ctf/bench25/dashboard.html（耗時 0.1s）
[2026-07-25 23:59:29] 已更新 ctf/bench25/dashboard.html（耗時 0.2s）
[2026-07-25 23:59:39] 已更新 ctf/bench25/dashboard.html（耗時 0.1s）
[2026-07-25 23:59:49] 已更新 ctf/bench25/dashboard.html（耗時 0.1s）
[2026-07-25 23:59:59] 已更新 ctf/bench25/dashboard.html（耗時 0.4s）
[2026-07-26 00:00:09] 已更新 ctf/bench25/dashboard.html（耗時 0.1s）
[2026-07-26 00:00:19] 已更新 ctf/bench25/dashboard.html（耗時 0.1s）
[2026-07-26 00:00:29] 已更新 ctf/bench25/dashboard.html（耗時 0.1s）
[2026-07-26 00:00:39] 已更新 ctf/bench25/dashboard.html（耗時 0.1s）
[2026-07-26 00:00:49] 已更新 ctf/bench25/dashboard.html（耗時 0.2s）
[2026-07-26 00:00:59] 已更新 ctf/bench25/dashboard.html（耗時 0.1s）
[2026-07-26 00:01:09] 已更新 ctf/bench25/dashboard.html（耗時 0.1s）
[2026-07-26 00:01:19] 已更新 ctf/bench25/dashboard.html（耗時 0.1s）
[2026-07-26 00:01:29] 已更新 ctf/bench25/dashboard.html（耗時 0.1s）
[2026-07-26 00:01:39] 已更新 ctf/bench25/dashboard.html（耗時 0.1s）
[2026-07-26 00:01:49] 已更新 ctf/bench25/dashboard.html（耗時 0.2s）
[2026-07-26 00:01:59] 已更新 ctf/bench25/dashboard.html（耗時 0.1s）
[2026-07-26 00:02:09] 已更新 ctf/bench25/dashboard.html（耗時 0.1s）
[2026-07-26 00:02:19] 已更新 ctf/bench25/dashboard.html（耗時 0.1s）
[2026-07-26 00:02:29] 已更新 ctf/bench25/dashboard.html（耗時 0.1s）
[2026-07-26 00:02:39] 已更新 ctf/bench25/dashboard.html（耗時 0.1s）
[2026-07-26 00:02:51] 已更新 ctf/bench25/dashboard.html（耗時 2.2s）
[2026-07-26 00:02:59] 已更新 ctf/bench25/dashboard.html（耗時 0.2s）
[2026-07-26 00:03:09] 已更新 ctf/bench25/dashboard.html（耗時 0.2s）
[2026-07-26 00:03:19] 已更新 ctf/bench25/dashboard.html（耗時 0.2s）
[2026-07-26 00:03:29] 已更新 ctf/bench25/dashboard.html（耗時 0.2s）
[2026-07-26 00:03:39] 已更新 ctf/bench25/dashboard.html（耗時 0.1s）
[2026-07-26 00:03:49] 已更新 ctf/bench25/dashboard.html（耗時 0.2s）
[2026-07-26 00:03:59] 已更新 ctf/bench25/dashboard.html（耗時 0.2s）
[2026-07-26 00:04:09] 已更新 ctf/bench25/dashboard.html（耗時 0.2s）
[2026-07-26 00:04:19] 已更新 ctf/bench25/dashboard.html（耗時 0.3s）
[2026-07-26 00:04:29] 已更新 ctf/bench25/dashboard.html（耗時 0.2s）
[2026-07-26 00:04:39] 已更新 ctf/bench25/dashboard.html（耗時 0.2s）
[2026-07-26 00:04:49] 已更新 ctf/bench25/dashboard.html（耗時 0.2s）
[2026-07-26 00:04:59] 已更新 ctf/bench25/dashboard.html（耗時 0.2s）
[2026-07-26 00:05:09] 已更新 ctf/bench25/dashboard.html（耗時 0.2s）
[2026-07-26 00:05:19] 已更新 ctf/bench25/dashboard.html（耗時 0.2s）
[2026-07-26 00:05:29] 已更新 ctf/bench25/dashboard.html（耗時 0.2s）
[2026-07-26 00:05:39] 已更新 ctf/bench25/dashboard.html（耗時 0.2s）
[2026-07-26 00:05:49] 已更新 ctf/bench25/dashboard.html（耗時 0.3s）
[2026-07-26 00:06:00] 已更新 ctf/bench25/dashboard.html（耗時 0.4s）
[2026-07-26 00:06:09] 已更新 ctf/bench25/dashboard.html（耗時 0.1s）
[2026-07-26 00:06:19] 已更新 ctf/bench25/dashboard.html（耗時 0.2s）
[2026-07-26 00:06:29] 已更新 ctf/bench25/dashboard.html（耗時 0.1s）
[2026-07-26 00:06:42] 已更新 ctf/bench25/dashboard.html（耗時 2.7s）
[2026-07-26 00:06:49] 已更新 ctf/bench25/dashboard.html（耗時 0.2s）
[2026-07-26 00:07:00] 已更新 ctf/bench25/dashboard.html（耗時 0.2s）
[2026-07-26 00:07:10] 已更新 ctf/bench25/dashboard.html（耗時 0.2s）
[2026-07-26 00:07:20] 已更新 ctf/bench25/dashboard.html（耗時 0.2s）
[2026-07-26 00:07:30] 已更新 ctf/bench25/dashboard.html（耗時 0.2s）
[2026-07-26 00:07:40] 已更新 ctf/bench25/dashboard.html（耗時 0.2s）
[2026-07-26 00:07:50] 已更新 ctf/bench25/dashboard.html（耗時 0.1s）
[2026-07-26 00:08:00] 已更新 ctf/bench25/dashboard.html（耗時 0.1s）
[2026-07-26 00:08:10] 已更新 ctf/bench25/dashboard.html（耗時 0.2s）
[2026-07-26 00:08:20] 已更新 ctf/bench25/dashboard.html（耗時 0.1s）
[2026-07-26 00:08:30] 已更新 ctf/bench25/dashboard.html（耗時 0.2s）
[2026-07-26 00:08:40] 已更新 ctf/bench25/dashboard.html（耗時 0.8s）
[2026-07-26 00:08:50] 已更新 ctf/bench25/dashboard.html（耗時 0.2s）
[2026-07-26 00:09:00] 已更新 ctf/bench25/dashboard.html（耗時 0.2s）
[2026-07-26 00:09:10] 已更新 ctf/bench25/dashboard.html（耗時 0.2s）
[2026-07-26 00:09:20] 已更新 ctf/bench25/dashboard.html（耗時 0.2s）
[2026-07-26 00:09:30] 已更新 ctf/bench25/dashboard.html（耗時 0.2s）
[2026-07-26 00:09:40] 已更新 ctf/bench25/dashboard.html（耗時 0.1s）
[2026-07-26 00:09:50] 已更新 ctf/bench25/dashboard.html（耗時 0.2s）
[2026-07-26 00:10:00] 已更新 ctf/bench25/dashboard.html（耗時 0.2s）
[2026-07-26 00:10:10] 已更新 ctf/bench25/dashboard.html（耗時 0.2s）
[2026-07-26 00:10:20] 已更新 ctf/bench25/dashboard.html（耗時 0.2s）
[2026-07-26 00:10:30] 已更新 ctf/bench25/dashboard.html（耗時 0.3s）
[2026-07-26 00:10:40] 已更新 ctf/bench25/dashboard.html（耗時 0.2s）
[2026-07-26 00:10:50] 已更新 ctf/bench25/dashboard.html（耗時 0.2s）
[2026-07-26 00:11:00] 已更新 ctf/bench25/dashboard.html（耗時 0.2s）
[2026-07-26 00:11:13] 已更新 ctf/bench25/dashboard.html（耗時 3.1s）
[2026-07-26 00:11:20] 已更新 ctf/bench25/dashboard.html（耗時 0.2s）
[2026-07-26 00:11:30] 已更新 ctf/bench25/dashboard.html（耗時 0.2s）
[2026-07-26 00:11:40] 已更新 ctf/bench25/dashboard.html（耗時 0.2s）
[2026-07-26 00:11:50] 已更新 ctf/bench25/dashboard.html（耗時 0.2s）
[2026-07-26 00:12:00] 已更新 ctf/bench25/dashboard.html（耗時 0.2s）
[2026-07-26 00:12:10] 已更新 ctf/bench25/dashboard.html（耗時 0.2s）
[2026-07-26 00:12:20] 已更新 ctf/bench25/dashboard.html（耗時 0.1s）
[2026-07-26 00:12:30] 已更新 ctf/bench25/dashboard.html（耗時 0.3s）
[2026-07-26 00:12:40] 已更新 ctf/bench25/dashboard.html（耗時 0.1s）
[2026-07-26 00:12:50] 已更新 ctf/bench25/dashboard.html（耗時 0.2s）
[2026-07-26 00:13:00] 已更新 ctf/bench25/dashboard.html（耗時 0.2s）
[2026-07-26 00:13:10] 已更新 ctf/bench25/dashboard.html（耗時 0.1s）
[2026-07-26 00:13:20] 已更新 ctf/bench25/dashboard.html（耗時 0.2s）
[2026-07-26 00:13:30] 已更新 ctf/bench25/dashboard.html（耗時 0.2s）
[2026-07-26 00:13:40] 已更新 ctf/bench25/dashboard.html（耗時 0.2s）
[2026-07-26 00:13:50] 已更新 ctf/bench25/dashboard.html（耗時 0.2s）
[2026-07-26 00:14:00] 已更新 ctf/bench25/dashboard.html（耗時 0.1s）
[2026-07-26 00:14:11] 已更新 ctf/bench25/dashboard.html（耗時 0.2s）
[2026-07-26 00:14:20] 已更新 ctf/bench25/dashboard.html（耗時 0.1s）
[2026-07-26 00:14:31] 已更新 ctf/bench25/dashboard.html（耗時 0.2s）
[2026-07-26 00:14:41] 已更新 ctf/bench25/dashboard.html（耗時 0.2s）
[2026-07-26 00:14:51] 已更新 ctf/bench25/dashboard.html（耗時 0.2s）
[2026-07-26 00:15:01] 已更新 ctf/bench25/dashboard.html（耗時 0.2s）
[2026-07-26 00:15:11] 已更新 ctf/bench25/dashboard.html（耗時 0.2s）
[2026-07-26 00:15:21] 已更新 ctf/bench25/dashboard.html（耗時 0.2s）
[2026-07-26 00:15:31] 已更新 ctf/bench25/dashboard.html（耗時 0.2s）
[2026-07-26 00:15:41] 已更新 ctf/bench25/dashboard.html（耗時 0.2s）
[2026-07-26 00:15:51] 已更新 ctf/bench25/dashboard.html（耗時 0.2s）
[2026-07-26 00:16:01] 已更新 ctf/bench25/dashboard.html（耗時 0.2s）
[2026-07-26 00:16:11] 已更新 ctf/bench25/dashboard.html（耗時 0.2s）
[2026-07-26 00:16:21] 已更新 ctf/bench25/dashboard.html（耗時 0.2s）
[2026-07-26 00:16:35] 已更新 ctf/bench25/dashboard.html（耗時 4.6s）
[2026-07-26 00:16:41] 已更新 ctf/bench25/dashboard.html（耗時 0.2s）
[2026-07-26 00:16:51] 已更新 ctf/bench25/dashboard.html（耗時 0.2s）
[2026-07-26 00:17:01] 已更新 ctf/bench25/dashboard.html（耗時 0.2s）
[2026-07-26 00:17:11] 已更新 ctf/bench25/dashboard.html（耗時 0.2s）
[2026-07-26 00:17:21] 已更新 ctf/bench25/dashboard.html（耗時 0.2s）
[2026-07-26 00:17:31] 已更新 ctf/bench25/dashboard.html（耗時 0.2s）
[2026-07-26 00:17:41] 已更新 ctf/bench25/dashboard.html（耗時 0.2s）
[2026-07-26 00:17:51] 已更新 ctf/bench25/dashboard.html（耗時 0.2s）
[2026-07-26 00:18:01] 已更新 ctf/bench25/dashboard.html（耗時 0.2s）
[2026-07-26 00:18:11] 已更新 ctf/bench25/dashboard.html（耗時 0.2s）
[2026-07-26 00:18:21] 已更新 ctf/bench25/dashboard.html（耗時 0.2s）
[2026-07-26 00:18:31] 已更新 ctf/bench25/dashboard.html（耗時 0.2s）
[2026-07-26 00:18:41] 已更新 ctf/bench25/dashboard.html（耗時 0.2s）
[2026-07-26 00:18:51] 已更新 ctf/bench25/dashboard.html（耗時 0.2s）
[2026-07-26 00:19:01] 已更新 ctf/bench25/dashboard.html（耗時 0.2s）
[2026-07-26 00:19:11] 已更新 ctf/bench25/dashboard.html（耗時 0.2s）
[2026-07-26 00:19:21] 已更新 ctf/bench25/dashboard.html（耗時 0.2s）
[2026-07-26 00:19:31] 已更新 ctf/bench25/dashboard.html（耗時 0.2s）
[2026-07-26 00:19:41] 已更新 ctf/bench25/dashboard.html（耗時 0.2s）
[2026-07-26 00:19:51] 已更新 ctf/bench25/dashboard.html（耗時 0.2s）
[2026-07-26 00:20:01] 已更新 ctf/bench25/dashboard.html（耗時 0.2s）
[2026-07-26 00:20:11] 已更新 ctf/bench25/dashboard.html（耗時 0.2s）
[2026-07-26 00:20:21] 已更新 ctf/bench25/dashboard.html（耗時 0.2s）
[2026-07-26 00:20:31] 已更新 ctf/bench25/dashboard.html（耗時 0.2s）
[2026-07-26 00:20:41] 已更新 ctf/bench25/dashboard.html（耗時 0.2s）
[2026-07-26 00:20:51] 已更新 ctf/bench25/dashboard.html（耗時 0.2s）
[2026-07-26 00:21:01] 已更新 ctf/bench25/dashboard.html（耗時 0.1s）
[2026-07-26 00:21:11] 已更新 ctf/bench25/dashboard.html（耗時 0.1s）
[2026-07-26 00:21:21] 已更新 ctf/bench25/dashboard.html（耗時 0.2s）
Traceback (most recent call last):
  File "/Users/hawks/Documents/AIS3/inspect-test/ctf/bench25/dashboard_bench25.py", line 380, in <module>
  File "/Users/hawks/Documents/AIS3/inspect-test/ctf/bench25/dashboard_bench25.py", line 366, in main
  File "/Users/hawks/Documents/AIS3/inspect-test/ctf/bench25/dashboard_bench25.py", line 358, in once
  File "/opt/homebrew/Cellar/python@3.14/3.14.6/Frameworks/Python.framework/Versions/3.14/lib/python3.14/pathlib/__init__.py", line 809, in write_text
    with self.open(mode='w', encoding=encoding, errors=errors, newline=newline) as f:
         ~~~~~~~~~^^^^^^^^^^^^^^^^^^^^^^^^^^^^^^^^^^^^^^^^^^^^^^^^^^^^^^^^^^^^^
  File "/opt/homebrew/Cellar/python@3.14/3.14.6/Frameworks/Python.framework/Versions/3.14/lib/python3.14/pathlib/__init__.py", line 771, in open
    return io.open(self, mode, buffering, encoding, errors, newline)
           ~~~~~~~^^^^^^^^^^^^^^^^^^^^^^^^^^^^^^^^^^^^^^^^^^^^^^^^^^
FileNotFoundError: [Errno 2] No such file or directory: 'ctf/bench25/dashboard.html'
