[2026-07-25 23:30:46] 進度：0/12 個 (模型 × 階段) 完成　|　跑批進行中 → ctf/bench25/RESULTS.md
[2026-07-25 23:33:46] 進度：1/12 個 (模型 × 階段) 完成　|　跑批進行中 → ctf/bench25/RESULTS.md
[2026-07-25 23:36:46] 進度：1/12 個 (模型 × 階段) 完成　|　跑批進行中 → ctf/bench25/RESULTS.md
[2026-07-25 23:39:46] 進度：1/12 個 (模型 × 階段) 完成　|　跑批進行中 → ctf/bench25/RESULTS.md
[2026-07-25 23:42:47] 進度：1/12 個 (模型 × 階段) 完成　|　跑批進行中 → ctf/bench25/RESULTS.md
[2026-07-25 23:45:47] 進度：1/12 個 (模型 × 階段) 完成　|　跑批進行中 → ctf/bench25/RESULTS.md
[2026-07-25 23:48:47] 進度：1/12 個 (模型 × 階段) 完成　|　跑批進行中 → ctf/bench25/RESULTS.md
[2026-07-25 23:51:47] 進度：1/12 個 (模型 × 階段) 完成　|　跑批進行中 → ctf/bench25/RESULTS.md
[2026-07-25 23:54:47] 進度：1/12 個 (模型 × 階段) 完成　|　跑批進行中 → ctf/bench25/RESULTS.md
[2026-07-25 23:57:47] 進度：1/12 個 (模型 × 階段) 完成　|　跑批進行中 → ctf/bench25/RESULTS.md
[2026-07-26 00:00:48] 進度：1/12 個 (模型 × 階段) 完成　|　跑批進行中 → ctf/bench25/RESULTS.md
[2026-07-26 00:03:48] 進度：1/12 個 (模型 × 階段) 完成　|　跑批進行中 → ctf/bench25/RESULTS.md
[2026-07-26 00:06:48] 進度：1/12 個 (模型 × 階段) 完成　|　跑批進行中 → ctf/bench25/RESULTS.md
[2026-07-26 00:09:49] 進度：1/12 個 (模型 × 階段) 完成　|　跑批進行中 → ctf/bench25/RESULTS.md
[2026-07-26 00:12:49] 進度：1/12 個 (模型 × 階段) 完成　|　跑批進行中 → ctf/bench25/RESULTS.md
[2026-07-26 00:15:49] 進度：1/12 個 (模型 × 階段) 完成　|　跑批進行中 → ctf/bench25/RESULTS.md
[2026-07-26 00:18:50] 進度：1/12 個 (模型 × 階段) 完成　|　跑批進行中 → ctf/bench25/RESULTS.md
Traceback (most recent call last):
  File "/Users/hawks/Documents/AIS3/inspect-test/ctf/bench25/analyze_bench25.py", line 353, in <module>
  File "/Users/hawks/Documents/AIS3/inspect-test/ctf/bench25/analyze_bench25.py", line 336, in once
  File "/opt/homebrew/Cellar/python@3.14/3.14.6/Frameworks/Python.framework/Versions/3.14/lib/python3.14/pathlib/__init__.py", line 809, in write_text
    with self.open(mode='w', encoding=encoding, errors=errors, newline=newline) as f:
         ~~~~~~~~~^^^^^^^^^^^^^^^^^^^^^^^^^^^^^^^^^^^^^^^^^^^^^^^^^^^^^^^^^^^^^
  File "/opt/homebrew/Cellar/python@3.14/3.14.6/Frameworks/Python.framework/Versions/3.14/lib/python3.14/pathlib/__init__.py", line 771, in open
    return io.open(self, mode, buffering, encoding, errors, newline)
           ~~~~~~~^^^^^^^^^^^^^^^^^^^^^^^^^^^^^^^^^^^^^^^^^^^^^^^^^^
FileNotFoundError: [Errno 2] No such file or directory: 'ctf/bench25/RESULTS.md'
